[
	{
		"targets": [
			"test.example.com:9090"
		],
		"labels": {
			"service": "test"
		}
	}
]